
> sizdirmazlik-market@0.1.0 build
> next build

  Ôû▓ Next.js 14.2.35
  - Environments: .env.local, .env

   Creating an optimized production build ...
node.exe : [baseline-
browser-mapping] The 
data in this module i
s over two months old
.  To ensure accurate
 Baseline data, pleas
e update: `npm i base
line-browser-mapping@
latest -D`
At line:1 char:1
+ & "C:\Program Files
\nodejs/node.exe" "C:
\Program Files\nodejs
/node_mo ...
+ ~~~~~~~~~~~~~~~~~~~
~~~~~~~~~~~~~~~~~~~~~
~~~~~~~~~~~~~~~~~~~~~
~~~~~~~~
    + CategoryInfo   
           : NotSpe  
  cified: ([baseli   
 ne-brows...ping@    
latest -D`:Strin    g
) [], RemoteExc    ep
tion
    + FullyQualified 
   ErrorId : Native  
  CommandError
 
 Ô£ô Compiled successfully
   Skipping validation of types
   Linting ...
   Collecting page data ...
   Generating static pages (0/190) ...
Products GET error: B
 [Error]: Dynamic ser
ver usage: Route /api
/products couldn't be
 rendered statically 
because it used `next
Url.searchParams`. Se
e more info here: htt
ps://nextjs.org/docs/
messages/dynamic-serv
er-error
    at V (C:\Users\as
lan\Desktop\eticaret 
- Kopya\node_modules\
next\dist\compiled\ne
xt-server\app-route.r
untime.prod.js:6:2177
8)
    at Object.get (C:
\Users\aslan\Desktop\
eticaret - Kopya\node
_modules\next\dist\co
mpiled\next-server\ap
p-route.runtime.prod.
js:6:29137)
    at c (C:\Users\as
lan\Desktop\eticaret 
- Kopya\.next\server\
app\api\products\rout
e.js:1:822)
    at async C:\Users
\aslan\Desktop\eticar
et - Kopya\node_modul
es\next\dist\compiled
\next-server\app-rout
e.runtime.prod.js:6:3
8411
    at async e_.execu
te (C:\Users\aslan\De
sktop\eticaret - Kopy
a\node_modules\next\d
ist\compiled\next-ser
ver\app-route.runtime
.prod.js:6:27880)
    at async e_.handl
e (C:\Users\aslan\Des
ktop\eticaret - Kopya
\node_modules\next\di
st\compiled\next-serv
er\app-route.runtime.
prod.js:6:39943)
    at async exportAp
pRoute (C:\Users\asla
n\Desktop\eticaret - 
Kopya\node_modules\ne
xt\dist\export\routes
\app-route.js:77:26)
    at async exportPa
geImpl (C:\Users\asla
n\Desktop\eticaret - 
Kopya\node_modules\ne
xt\dist\export\worker
.js:175:20)
    at async Span.tra
ceAsyncFn (C:\Users\a
slan\Desktop\eticaret
 - Kopya\node_modules
\next\dist\trace\trac
e.js:154:20)
    at async Object.e
xportPage (C:\Users\a
slan\Desktop\eticaret
 - Kopya\node_modules
\next\dist\export\wor
ker.js:237:20) {
  description: "Route
 /api/products couldn
't be rendered static
ally because it used 
`nextUrl.searchParams
`. See more info here
: https://nextjs.org/
docs/messages/dynamic
-server-error",
  digest: 'DYNAMIC_SE
RVER_USAGE'
}
   Generating static pages (47/190) 
   Generating static pages (94/190) 
   Generating static pages (142/190) 
 Ô£ô Generating static pages (190/190)
   Finalizing page optimization ...
   Collecting build traces ...

Route (app)                                                Size     First Load JS
Ôöî ãÆ /                                                      4.69 kB         177 kB
Ôö£ ãÆ /_not-found                                            152 B          87.5 kB
Ôö£ ãÆ /admin                                                 6.36 kB         111 kB
Ôö£ ãÆ /admin/auth                                            5.08 kB         217 kB
Ôö£ ãÆ /admin/ges-teklifler                                   6.77 kB         105 kB
Ôö£ ãÆ /admin/indirimler                                      3.16 kB         172 kB
Ôö£ ãÆ /admin/katalog                                         3.54 kB         144 kB
Ôö£ ãÆ /admin/orders                                          3.8 kB          109 kB
Ôö£ ãÆ /admin/orders/[id]                                     5.4 kB          110 kB
Ôö£ ãÆ /admin/products                                        4.76 kB         110 kB
Ôö£ ãÆ /admin/urunler                                         3.54 kB         146 kB
Ôö£ ãÆ /api/addresses                                         0 B                0 B
Ôö£ ãÆ /api/admin/auth                                        0 B                0 B
Ôö£ ãÆ /api/admin/catalog                                     0 B                0 B
Ôö£ ãÆ /api/admin/catalog/[productId]                         0 B                0 B
Ôö£ ãÆ /api/admin/discounts                                   0 B                0 B
Ôö£ ãÆ /api/admin/discounts/[id]                              0 B                0 B
Ôö£ ãÆ /api/admin/ges-quotes                                  0 B                0 B
Ôö£ ãÆ /api/admin/ges-verifications                           0 B                0 B
Ôö£ ãÆ /api/admin/orders                                      0 B                0 B
Ôö£ ãÆ /api/admin/orders/[id]                                 0 B                0 B
Ôö£ ãÆ /api/admin/orders/[id]/send-invoice                    0 B                0 B
Ôö£ ãÆ /api/admin/products                                    0 B                0 B
Ôö£ ÔùÅ /api/admin/products/[id]                               0 B                0 B
Ôö£ ãÆ /api/admin/stock-overrides                             0 B                0 B
Ôö£ ãÆ /api/admin/stok                                        0 B                0 B
Ôö£ ÔùÅ /api/auth/[...nextauth]                                0 B                0 B
Ôö£ ãÆ /api/auth/firebase-session                             0 B                0 B
Ôö£ ãÆ /api/auth/forgot-password                              0 B                0 B
Ôö£ ãÆ /api/auth/login                                        0 B                0 B
Ôö£ ãÆ /api/auth/register                                     0 B                0 B
Ôö£ ãÆ /api/auth/reset-password                               0 B                0 B
Ôö£ ãÆ /api/auth/verify-email                                 0 B                0 B
Ôö£ ãÆ /api/cart                                              0 B                0 B
Ôö£ ãÆ /api/checkout                                          0 B                0 B
Ôö£ ãÆ /api/contact                                           0 B                0 B
Ôö£ ãÆ /api/coupons/validate                                  0 B                0 B
Ôö£ ãÆ /api/customers/next-customer-no                        0 B                0 B
Ôö£ Ôùï /api/discounts/active                                  0 B                0 B
Ôö£ ãÆ /api/exchange-rates                                    0 B                0 B
Ôö£ ãÆ /api/favorites                                         0 B                0 B
Ôö£ ãÆ /api/ges-quote                                         0 B                0 B
Ôö£ ãÆ /api/ges-quote-verify                                  0 B                0 B
Ôö£ ãÆ /api/orders                                            0 B                0 B
Ôö£ ÔùÅ /api/orders/[id]                                       0 B                0 B
Ôö£ ãÆ /api/orders/by-no/[orderNo]                            0 B                0 B
Ôö£ ãÆ /api/orders/next-order-no                              0 B                0 B
Ôö£ ãÆ /api/orders/notify                                     0 B                0 B
Ôö£ ãÆ /api/pdf/quote                                         0 B                0 B
Ôö£ ãÆ /api/products                                          0 B                0 B
Ôö£ ÔùÅ /api/products/[id]                                     0 B                0 B
Ôö£ ÔùÅ /api/products/[id]/questions                           0 B                0 B
Ôö£ ÔùÅ /api/products/[id]/reviews                             0 B                0 B
Ôö£ ãÆ /api/search                                            0 B                0 B
Ôö£ Ôùï /api/stock-overrides                                   0 B                0 B
Ôö£ ãÆ /api/test/email                                        0 B                0 B
Ôö£ ãÆ /api/test/storage                                      0 B                0 B
Ôö£ ãÆ /api/upload/design                                     0 B                0 B
Ôö£ ãÆ /api/upload/ges-docs                                   0 B                0 B
Ôö£ ãÆ /api/webhooks/paytr                                    0 B                0 B
Ôö£ ãÆ /api/webhooks/stripe                                   0 B                0 B
Ôö£ Ôùï /apple-icon.png                                        0 B                0 B
Ôö£ ãÆ /cart                                                  13.6 kB         251 kB
Ôö£ ãÆ /categories                                            2.58 kB         151 kB
Ôö£ ãÆ /checkout                                              10.8 kB         228 kB
Ôö£ ãÆ /checkout/cancel                                       2.62 kB         108 kB
Ôö£ ãÆ /checkout/success                                      2.83 kB         108 kB
Ôö£ ãÆ /contact                                               5.75 kB         116 kB
Ôö£ ãÆ /cookies                                               191 B          96.2 kB
Ôö£ ãÆ /faq                                                   2.19 kB        98.2 kB
Ôö£ ãÆ /favorites                                             5.03 kB         247 kB
Ôö£ ãÆ /forgot-password                                       4.59 kB         110 kB
Ôö£ ãÆ /ges                                                   2.36 kB         152 kB
Ôö£ ãÆ /ges/teklif-al                                         15 kB           271 kB
Ôö£ ãÆ /ges/teklif-dogrulama                                  6.63 kB         152 kB
Ôö£ ãÆ /ges/teklif-kontrol                                    2.94 kB         153 kB
Ôö£ Ôùï /icon.png                                              0 B                0 B
Ôö£ Ôùï /icon.svg                                              0 B                0 B
Ôö£ ãÆ /login                                                 7.73 kB         223 kB
Ôö£ ÔùÅ /orders/[id]                                           7.6 kB          223 kB
Ôö£ ãÆ /privacy                                               191 B          96.2 kB
Ôö£ ãÆ /products                                              10.2 kB         212 kB
Ôö£ ÔùÅ /products/[id]                                         16.4 kB         308 kB
Ôö£   Ôö£ /products/tommatech-m10-topcon-dark-n-type
Ôö£   Ôö£ /products/tommatech-m10-topcon-full-black-sizdirmaz
Ôö£   Ôö£ /products/tommatech-m10-perc-dark-series
Ôö£   Ôöö [+111 more paths]
Ôö£ ãÆ /profile                                               12.6 kB         261 kB
Ôö£ ãÆ /register                                              8.39 kB         223 kB
Ôö£ ãÆ /reset-password                                        5.28 kB         110 kB
Ôö£ ãÆ /returns                                               191 B          96.2 kB
Ôö£ ãÆ /shipping                                              191 B          96.2 kB
Ôö£ ãÆ /terms                                                 191 B          96.2 kB
Ôöö ãÆ /verify-email                                          5.14 kB         110 kB
+ First Load JS shared by all                              87.3 kB
  Ôö£ chunks/2117-e5e2d09c132e5fe0.js                        31.7 kB
  Ôö£ chunks/fd9d1056-b209c5392f9ca202.js                    53.6 kB
  Ôöö other shared chunks (total)                            1.96 kB


ãÆ Middleware                                               31.3 kB

Ôùï  (Static)   prerendered as static content
ÔùÅ  (SSG)      prerendered as static HTML (uses getStaticProps)
ãÆ  (Dynamic)  server-rendered on demand

